<p><strong>Invoice</strong> </p>
 <p><strong>Client :</strong> BigCo </p>
<style>table { border-collapse: collapse; width: 50%; }th, td { border: 1px solid black; padding: 8px; text-align: left; }</style><table>
<tr><th>Play</th><th>Seats</th><th>Amount</th></tr>
  <tr><td>Hamlet</td><td>55</td><td>$650.00</td></tr>
  <tr><td>As You Like It</td><td>35</td><td>$580.00</td></tr>
  <tr><td>Othello</td><td>40</td><td>$500.00</td></tr>
<tr><td><strong> Amount owed is</strong></td><td>$1,715.00</td></tr>
<tr><td><strong>You earned</strong></td><td> 47 points</td></tr>
<tr><td><strong>Points left</strong></td><td> 97 points</td></tr>
</table>
 Payment is required under 30 days, we can brake your knees if you dont do so
 </body></html>
