  Hamlet: $635.00 (55 seats)
  As You Like It: $580.00 (35 seats)
  Othello: $500.00 (40 seats)
<table>
<tr><th>Play</th><th>Seats</th><th>Amount</th></tr>
  <tr><td>Hamlet</td><td>55</td><td>$650.00</td></tr>
  <tr><td>As You Like It</td><td>35</td><td>$580.00</td></tr>
  <tr><td>Othello</td><td>40</td><td>$500.00</td></tr>
</table>
<p>Amount owed is $1,715.00</p>
<p>You earned 47 credits</p>
<p>Your points left 48 credits</p>
</body></html>
